// Jest Snapshot v1, https://goo.gl/fbAQLP

exports[`[Card snapshots] Should render properly with only required props 1`] = `
<div
  class="card"
>
  <div>
    children
  </div>
</div>
`;
