// Jest Snapshot v1, https://goo.gl/fbAQLP

exports[`[Button snapshots] Should render properly with only required props 1`] = `
<button
  class="button"
>
  <div>
    New Button
  </div>
</button>
`;
